// Jest Snapshot v1, https://goo.gl/fbAQLP

exports[`<DeleteDeviceType> renders the DeleteDeviceType content 1`] = `
<div
  className="deleteDeviceType"
>
  <div
    className="header"
  >
    <div
      className="title"
    >
      DELETE DEVICE TYPE
    </div>
    <div
      className="pt4 pb4"
    >
      Are you sure you want to delete 
      ?
    </div>
  </div>
  <LinkReplace
    to="/"
  >
    <button
      className="btnCancel"
    >
      Cancel
    </button>
  </LinkReplace>
  <LinkReplace
    to="/"
  >
    <button
      className="btnDelete ml2"
      onClick={[Function]}
    >
      Delete
    </button>
  </LinkReplace>
</div>
`;
