// Jest Snapshot v1, https://goo.gl/fbAQLP

exports[`<ListView> renders the ListView content 1`] = `
<div
  className="list"
/>
`;
